// Jest Snapshot v1, https://goo.gl/fbAQLP

exports[`Module Export Should export module properly 1`] = `
Object {
  "ActionResult": ActionResult,
  "ControllerFacility": ControllerFacility,
  "DefaultDependencyResolver": DefaultDependencyResolver,
  "DefaultFacility": DefaultFacility,
  "ForceHttpsMiddleware": ForceHttpsMiddleware,
  "FormFile": FormFile,
  "HttpStatus": Object {
    "100": "Continue",
    "101": "SwitchingProtocols",
    "102": "Processing",
    "200": "Ok",
    "201": "Created",
    "202": "Accepted",
    "203": "NonAuthoritativeInformation",
    "204": "NoContent",
    "205": "ResetContent",
    "206": "PartialContent",
    "207": "MultiStatus",
    "208": "AlreadyReported",
    "226": "ImUsed",
    "300": "MultipleChoices",
    "301": "MovedPermanently",
    "302": "Found",
    "303": "SeeOther",
    "304": "NotModified",
    "305": "UseProxy",
    "306": "SwitchProxy",
    "307": "TemporaryRedirect",
    "308": "PermanentRedirect",
    "400": "BadRequest",
    "401": "Unauthorized",
    "402": "PaymentRequired",
    "403": "Forbidden",
    "404": "NotFound",
    "405": "MethodNotAllowed",
    "406": "NotAcceptable",
    "407": "ProxyAuthenticationRequired",
    "408": "RequestTimeout",
    "409": "Conflict",
    "410": "Gone",
    "411": "LengthRequired",
    "412": "PreconditionFailed",
    "413": "PayloadTooLarge",
    "414": "UriTooLong",
    "415": "UnsupportedMediaType",
    "416": "RangeNotSatisfiable",
    "417": "ExpectationFailed",
    "418": "IAmATeapot",
    "421": "MisdirectedRequest",
    "422": "UnprocessableEntity",
    "423": "Locked",
    "424": "FailedDependency",
    "426": "UpgradeRequired",
    "428": "PreconditionRequired",
    "429": "TooManyRequests",
    "431": "RequestHeaderFieldsTooLarge",
    "451": "UnavailableForLegalReasons",
    "500": "InternalServerError",
    "501": "NotImplemented",
    "502": "BadGateway",
    "503": "ServiceUnavailable",
    "504": "GatewayTimeout",
    "505": "HttpVersionNotSupported",
    "506": "VariantAlsoNegotiates",
    "507": "InsufficientStorage",
    "508": "LoopDetected",
    "510": "NotExtended",
    "511": "NetworkAuthenticationRequired",
    "Accepted": 202,
    "AlreadyReported": 208,
    "BadGateway": 502,
    "BadRequest": 400,
    "Conflict": 409,
    "Continue": 100,
    "Created": 201,
    "ExpectationFailed": 417,
    "FailedDependency": 424,
    "Forbidden": 403,
    "Found": 302,
    "GatewayTimeout": 504,
    "Gone": 410,
    "HttpVersionNotSupported": 505,
    "IAmATeapot": 418,
    "ImUsed": 226,
    "InsufficientStorage": 507,
    "InternalServerError": 500,
    "LengthRequired": 411,
    "Locked": 423,
    "LoopDetected": 508,
    "MethodNotAllowed": 405,
    "MisdirectedRequest": 421,
    "MovedPermanently": 301,
    "MultiStatus": 207,
    "MultipleChoices": 300,
    "NetworkAuthenticationRequired": 511,
    "NoContent": 204,
    "NonAuthoritativeInformation": 203,
    "NotAcceptable": 406,
    "NotExtended": 510,
    "NotFound": 404,
    "NotImplemented": 501,
    "NotModified": 304,
    "Ok": 200,
    "PartialContent": 206,
    "PayloadTooLarge": 413,
    "PaymentRequired": 402,
    "PermanentRedirect": 308,
    "PreconditionFailed": 412,
    "PreconditionRequired": 428,
    "Processing": 102,
    "ProxyAuthenticationRequired": 407,
    "RangeNotSatisfiable": 416,
    "RequestHeaderFieldsTooLarge": 431,
    "RequestTimeout": 408,
    "ResetContent": 205,
    "SeeOther": 303,
    "ServiceUnavailable": 503,
    "SwitchProxy": 306,
    "SwitchingProtocols": 101,
    "TemporaryRedirect": 307,
    "TooManyRequests": 429,
    "Unauthorized": 401,
    "UnavailableForLegalReasons": 451,
    "UnprocessableEntity": 422,
    "UnsupportedMediaType": 415,
    "UpgradeRequired": 426,
    "UriTooLong": 414,
    "UseProxy": 305,
    "VariantAlsoNegotiates": 506,
  },
  "HttpStatusError": HttpStatusError,
  "LoggerFacility": LoggerFacility,
  "MiddlewareUtil": Object {
    "extractDecorators": extractDecorators,
    "fromKoa": fromKoa,
  },
  "ParameterBinderMiddleware": ParameterBinderMiddleware,
  "RestfulApiFacility": RestfulApiFacility,
  "RouteDecoratorImpl": RouteDecoratorImpl,
  "ValidatorMiddleware": ValidatorMiddleware,
  "WebApiFacility": WebApiFacility,
  "api": Object {
    "description": description,
    "enums": enums,
    "name": name,
    "readonly": readonly,
    "required": required,
    "response": response,
    "tag": tag,
    "writeonly": writeonly,
  },
  "applyTo": applyTo,
  "authorize": AuthDecoratorImpl {},
  "bind": Object {
    "actionResult": actionResult,
    "body": body,
    "cookie": cookie,
    "ctx": ctx,
    "custom": custom,
    "formFile": formFile,
    "header": header,
    "query": query,
    "rawBody": ,
    "request": request,
    "user": user,
  },
  "binder": binder,
  "default": Plumier,
  "domain": domain,
  "entity": Object {
    "deleteColumn": deleteColumn,
    "primaryId": primaryId,
    "relation": relation,
  },
  "middleware": Object {
    "use": use,
  },
  "postSave": postSave,
  "preSave": preSave,
  "response": Object {
    "json": json,
    "redirect": redirect,
  },
  "route": RouteDecoratorImpl {},
  "val": Object {
    "UUID": UUID,
    "after": after,
    "alpha": alpha,
    "alphanumeric": alphanumeric,
    "ascii": ascii,
    "base64": base64,
    "before": before,
    "byteLength": byteLength,
    "creditCard": creditCard,
    "currency": currency,
    "custom": ,
    "dataURI": dataURI,
    "decimal": decimal,
    "divisibleBy": divisibleBy,
    "email": email,
    "enums": ,
    "file": ,
    "filter": ,
    "float": float,
    "fqdn": fqdn,
    "fullWidth": fullWidth,
    "halfWidth": halfWidth,
    "hash": hash,
    "hexColor": hexColor,
    "hexadecimal": hexadecimal,
    "image": ,
    "int": int,
    "ip": ip,
    "isbn": isbn,
    "isin": isin,
    "iso31661Alpha2": iso31661Alpha2,
    "iso8601": iso8601,
    "isrc": isrc,
    "issn": issn,
    "json": json,
    "latLong": latLong,
    "length": length,
    "lowerCase": lowerCase,
    "macAddress": macAddress,
    "matches": matches,
    "md5": md5,
    "mimeType": mimeType,
    "mobilePhone": mobilePhone,
    "mongoId": mongoId,
    "multibyte": multibyte,
    "numeric": numeric,
    "partial": partial,
    "port": port,
    "postalCode": postalCode,
    "required": ,
    "result": ,
    "slug": slug,
    "surrogatePair": surrogatePair,
    "uppercase": uppercase,
    "url": url,
    "variableWidth": variableWidth,
    "whiteListed": whiteListed,
  },
  "validate": validate,
}
`;
