// Jest Snapshot v1, https://goo.gl/fbAQLP

exports[`Exported Should export members 1`] = `
Object {
  "DECORATOR_KEY": "plumier.key:DECORATOR",
  "DESIGN_PARAMETER_TYPE": "design:paramtypes",
  "DESIGN_RETURN_TYPE": "design:returntype",
  "DESIGN_TYPE": "design:type",
  "DecoratorId": Symbol(tinspector:decoratorId),
  "DecoratorOptionId": Symbol(tinspector:decoratorOption),
  "createClass": createClass,
  "decorate": decorate,
  "decorateClass": decorateClass,
  "decorateMethod": decorateMethod,
  "decorateParameter": decorateParameter,
  "decorateProperty": decorateProperty,
  "default": reflect,
  "generic": Object {
    "create": create,
    "template": template,
    "type": type,
  },
  "ignore": ignore,
  "mergeDecorator": mergeDecorator,
  "metadata": Object {
    "getMethods": getMethods,
    "getProperties": getProperties,
    "isCallback": isCallback,
    "isConstructor": isConstructor,
    "isCustomClass": isCustomClass,
    "isParameterProperties": isParameterProperties,
  },
  "noop": noop,
  "parameterProperties": parameterProperties,
  "reflect": reflect,
  "type": type,
  "useCache": useCache,
}
`;
