// Jest Snapshot v1, https://goo.gl/fbAQLP

exports[`Private Decorator Should be able to ignore get set 1`] = `
Object {
  "ctor": Object {
    "kind": "Constructor",
    "name": "constructor",
    "parameters": Array [],
  },
  "decorators": Array [],
  "kind": "Class",
  "methods": Array [],
  "name": "DummyClass",
  "properties": Array [],
  "super": Object,
  "type": DummyClass,
  "typeClassification": "Class",
}
`;

exports[`Private Decorator Should be able to ignore method 1`] = `
Object {
  "ctor": Object {
    "kind": "Constructor",
    "name": "constructor",
    "parameters": Array [],
  },
  "decorators": Array [],
  "kind": "Class",
  "methods": Array [],
  "name": "DummyClass",
  "properties": Array [],
  "super": Object,
  "type": DummyClass,
  "typeClassification": "Class",
}
`;

exports[`Private Decorator Should be able to ignore parameter properties 1`] = `
Object {
  "ctor": Object {
    "kind": "Constructor",
    "name": "constructor",
    "parameters": Array [
      Object {
        "decorators": Array [],
        "fields": Object {},
        "index": 0,
        "kind": "Parameter",
        "name": "data",
        "type": String,
        "typeClassification": "Primitive",
      },
      Object {
        "decorators": Array [
          Object {
            "kind": "Ignore",
            Symbol(tinspector:decoratorId): Symbol(ignore),
            Symbol(tinspector:decoratorOption): Object {
              "allowMultiple": false,
              "applyTo": Array [],
              "inherit": true,
              "removeApplied": true,
            },
          },
        ],
        "fields": Object {},
        "index": 1,
        "kind": "Parameter",
        "name": "id",
        "type": String,
        "typeClassification": "Primitive",
      },
    ],
  },
  "decorators": Array [
    Object {
      "type": "ParameterProperties",
      Symbol(tinspector:decoratorId): Symbol(paramProp),
      Symbol(tinspector:decoratorOption): Object {
        "allowMultiple": false,
        "applyTo": Array [],
        "inherit": true,
        "removeApplied": true,
      },
    },
  ],
  "kind": "Class",
  "methods": Array [],
  "name": "DummyClass",
  "properties": Array [
    Object {
      "decorators": Array [],
      "get": undefined,
      "index": 0,
      "isParameter": true,
      "kind": "Property",
      "name": "data",
      "set": undefined,
      "type": String,
      "typeClassification": "Primitive",
    },
  ],
  "super": Object,
  "type": DummyClass,
  "typeClassification": "Class",
}
`;
