// Jest Snapshot v1, https://goo.gl/fbAQLP

exports[`Module Export Should export module properly 1`] = `
Object {
  "TypeORMControllerGeneric": TypeORMControllerGeneric,
  "TypeORMFacility": TypeORMFacility,
  "TypeORMGenericControllerFacility": TypeORMGenericControllerFacility,
  "TypeORMOneToManyControllerGeneric": TypeORMOneToManyControllerGeneric,
  "TypeORMOneToManyRepository": TypeORMOneToManyRepository,
  "TypeORMRepository": TypeORMRepository,
}
`;
