// Jest Snapshot v1, https://goo.gl/fbAQLP

exports[`Module Export Should export module properly 1`] = `
Object {
  "SwaggerFacility": SwaggerFacility,
  "refFactory": refFactory,
  "transform": transform,
}
`;
