// Jest Snapshot v1, https://goo.gl/fbAQLP

exports[`Custom Validation Should able to combine TypedConverter validator and custom validator 1`] = `
Object {
  "message": Array [
    Object {
      "messages": Array [
        "Invalid email address",
        "String must be longer than 20",
      ],
      "path": Array [
        "data",
        "email",
      ],
    },
  ],
  "status": 422,
}
`;

exports[`Custom Validation Should provided correct information for custom validation 1`] = `
Object {
  "action": Object {
    "decorators": Array [
      Object {
        "method": "post",
        "name": "Route",
        "url": undefined,
      },
    ],
    "kind": "Method",
    "name": "save",
    "parameters": Array [
      Object {
        "decorators": Array [
          Object {
            "type": "ValidatorDecorator",
            "validator": customValidator,
          },
        ],
        "kind": "Parameter",
        "name": "data",
        "type": String,
        "typeClassification": "Primitive",
      },
    ],
    "returnType": undefined,
    "typeClassification": undefined,
  },
  "controller": Object {
    "ctor": Object {
      "kind": "Constructor",
      "name": "constructor",
      "parameters": Array [],
    },
    "decorators": Array [],
    "kind": "Class",
    "methods": Array [
      Object {
        "decorators": Array [
          Object {
            "method": "post",
            "name": "Route",
            "url": undefined,
          },
        ],
        "kind": "Method",
        "name": "save",
        "parameters": Array [
          Object {
            "decorators": Array [
              Object {
                "type": "ValidatorDecorator",
                "validator": customValidator,
              },
            ],
            "kind": "Parameter",
            "name": "data",
            "type": String,
            "typeClassification": "Primitive",
          },
        ],
        "returnType": undefined,
        "typeClassification": undefined,
      },
    ],
    "name": "UserController",
    "properties": Array [],
    "type": UserController,
    "typeClassification": "Class",
  },
  "method": "post",
  "url": "/user/save",
}
`;

exports[`Custom Validation Should validate using custom validation 1`] = `
Object {
  "message": Array [
    Object {
      "messages": Array [
        "Password doesn't match",
      ],
      "path": Array [
        "data",
        "confirmPassword",
      ],
    },
  ],
  "status": 422,
}
`;

exports[`Custom Validation Should validate using decouple logic 1`] = `
Object {
  "message": Array [
    Object {
      "messages": Array [
        "Only 18+ allowed",
      ],
      "path": Array [
        "data",
        "age",
      ],
    },
  ],
  "status": 422,
}
`;

exports[`Decouple Validation Logic Should validate using decouple logic from RestfulApiFacility 1`] = `
Object {
  "message": Array [
    Object {
      "messages": Array [
        "Only 18+ allowed",
      ],
      "path": Array [
        "data",
        "age",
      ],
    },
  ],
  "status": 422,
}
`;

exports[`Decouple Validation Logic Should validate using decouple logic from WebApiFacility 1`] = `
Object {
  "message": Array [
    Object {
      "messages": Array [
        "Only 18+ allowed",
      ],
      "path": Array [
        "data",
        "age",
      ],
    },
  ],
  "status": 422,
}
`;

exports[`Decouple Validation Logic Should validate using decouple logic from setting 1`] = `
Object {
  "message": Array [
    Object {
      "messages": Array [
        "Only 18+ allowed",
      ],
      "path": Array [
        "data",
        "age",
      ],
    },
  ],
  "status": 422,
}
`;

exports[`Validation Parameter should be mandatory by default 1`] = `
Object {
  "message": Array [
    Object {
      "messages": Array [
        "Required",
      ],
      "path": Array [
        "email",
      ],
    },
  ],
  "status": 422,
}
`;

exports[`Validation Should be able to validate class and return several validation result 1`] = `
Object {
  "message": Array [
    Object {
      "messages": Array [
        "Password is not the same",
      ],
      "path": Array [
        "model",
        "confirmPassword",
      ],
    },
  ],
  "status": 422,
}
`;

exports[`Validation Should validate model with correct path 1`] = `
Object {
  "message": Array [
    Object {
      "messages": Array [
        "Required",
      ],
      "path": Array [
        "model",
        "deceased",
      ],
    },
  ],
  "status": 422,
}
`;

exports[`Validation Should validate nested model with correct path 1`] = `
Object {
  "message": Array [
    Object {
      "messages": Array [
        "Required",
      ],
      "path": Array [
        "model",
        "tag",
        "id",
      ],
    },
  ],
  "status": 422,
}
`;

exports[`Validation Should validate parameter 1`] = `
Object {
  "message": Array [
    Object {
      "messages": Array [
        "Invalid email address",
      ],
      "path": Array [
        "email",
      ],
    },
  ],
  "status": 422,
}
`;
