// Jest Snapshot v1, https://goo.gl/fbAQLP

exports[`Serve Files Should be able to serve files using relative directory 1`] = `
"<!DOCTYPE html>
<html>
<head>
    <meta charset=\\"utf-8\\" />
    <meta http-equiv=\\"X-UA-Compatible\\" content=\\"IE=edge\\">
    <title>Page Title</title>
    <meta name=\\"viewport\\" content=\\"width=device-width, initial-scale=1\\">
    <link rel=\\"stylesheet\\" type=\\"text/css\\" media=\\"screen\\" href=\\"main.css\\" />
    <script src=\\"main.js\\"></script>
</head>
<body>
    Lorem ipsum dolor
</body>
</html>"
`;

exports[`Serve Files Should looks for correct directory if rootDir provided 1`] = `
"<!DOCTYPE html>
<html>
<head>
    <meta charset=\\"utf-8\\" />
    <meta http-equiv=\\"X-UA-Compatible\\" content=\\"IE=edge\\">
    <title>Page Title</title>
    <meta name=\\"viewport\\" content=\\"width=device-width, initial-scale=1\\">
    <link rel=\\"stylesheet\\" type=\\"text/css\\" media=\\"screen\\" href=\\"main.css\\" />
    <script src=\\"main.js\\"></script>
</head>
<body>
    Lorem ipsum dolor
</body>
</html>"
`;

exports[`Serve Files Should looks for www directory by default 1`] = `
"<!DOCTYPE html>
<html>
<head>
    <meta charset=\\"utf-8\\" />
    <meta http-equiv=\\"X-UA-Compatible\\" content=\\"IE=edge\\">
    <title>Page Title</title>
    <meta name=\\"viewport\\" content=\\"width=device-width, initial-scale=1\\">
    <link rel=\\"stylesheet\\" type=\\"text/css\\" media=\\"screen\\" href=\\"main.css\\" />
    <script src=\\"main.js\\"></script>
</head>
<body>
    Lorem ipsum dolor
</body>
</html>"
`;
